// Jest Snapshot v1, https://goo.gl/fbAQLP

exports[`ProductCard component should render correctly ProductCard snapshot 1`] = `
Object {
  "asFragment": [Function],
  "baseElement": <body>
    <div>
      <div
        class="ant-card ant-card-bordered ant-card-hoverable home-cards css-dev-only-do-not-override-26rdvq"
      >
        <div
          class="ant-card-cover"
        >
          <img
            alt="product"
            crossorigin="anonymous"
            src="https://upload.wikimedia.org/wikipedia/commons/b/bd/Test.svg"
            style="height: 300px; object-fit: cover;"
          />
        </div>
        <div
          class="ant-card-body"
          style="padding-left: 10px; padding-right: 10px;"
        >
          <h4
            class="fs-6 mb-3"
          >
            Test title in Product Card
          </h4>
          <p>
            тип оголошення: 
            <span
              class="fw-bolder"
            >
              продаж
            </span>
          </p>
          <p
            class="fst-italic"
          >
            ціна: 
            22.345,00 €
          </p>
          <div
            class="ant-card-meta"
          >
            <div
              class="ant-card-meta-detail"
            >
              <div
                class="ant-card-meta-description"
              >
                Test category in Product Card
              </div>
            </div>
          </div>
        </div>
      </div>
    </div>
  </body>,
  "container": <div>
    <div
      class="ant-card ant-card-bordered ant-card-hoverable home-cards css-dev-only-do-not-override-26rdvq"
    >
      <div
        class="ant-card-cover"
      >
        <img
          alt="product"
          crossorigin="anonymous"
          src="https://upload.wikimedia.org/wikipedia/commons/b/bd/Test.svg"
          style="height: 300px; object-fit: cover;"
        />
      </div>
      <div
        class="ant-card-body"
        style="padding-left: 10px; padding-right: 10px;"
      >
        <h4
          class="fs-6 mb-3"
        >
          Test title in Product Card
        </h4>
        <p>
          тип оголошення: 
          <span
            class="fw-bolder"
          >
            продаж
          </span>
        </p>
        <p
          class="fst-italic"
        >
          ціна: 
          22.345,00 €
        </p>
        <div
          class="ant-card-meta"
        >
          <div
            class="ant-card-meta-detail"
          >
            <div
              class="ant-card-meta-description"
            >
              Test category in Product Card
            </div>
          </div>
        </div>
      </div>
    </div>
  </div>,
  "debug": [Function],
  "findAllByAltText": [Function],
  "findAllByDisplayValue": [Function],
  "findAllByLabelText": [Function],
  "findAllByPlaceholderText": [Function],
  "findAllByRole": [Function],
  "findAllByTestId": [Function],
  "findAllByText": [Function],
  "findAllByTitle": [Function],
  "findByAltText": [Function],
  "findByDisplayValue": [Function],
  "findByLabelText": [Function],
  "findByPlaceholderText": [Function],
  "findByRole": [Function],
  "findByTestId": [Function],
  "findByText": [Function],
  "findByTitle": [Function],
  "getAllByAltText": [Function],
  "getAllByDisplayValue": [Function],
  "getAllByLabelText": [Function],
  "getAllByPlaceholderText": [Function],
  "getAllByRole": [Function],
  "getAllByTestId": [Function],
  "getAllByText": [Function],
  "getAllByTitle": [Function],
  "getByAltText": [Function],
  "getByDisplayValue": [Function],
  "getByLabelText": [Function],
  "getByPlaceholderText": [Function],
  "getByRole": [Function],
  "getByTestId": [Function],
  "getByText": [Function],
  "getByTitle": [Function],
  "queryAllByAltText": [Function],
  "queryAllByDisplayValue": [Function],
  "queryAllByLabelText": [Function],
  "queryAllByPlaceholderText": [Function],
  "queryAllByRole": [Function],
  "queryAllByTestId": [Function],
  "queryAllByText": [Function],
  "queryAllByTitle": [Function],
  "queryByAltText": [Function],
  "queryByDisplayValue": [Function],
  "queryByLabelText": [Function],
  "queryByPlaceholderText": [Function],
  "queryByRole": [Function],
  "queryByTestId": [Function],
  "queryByText": [Function],
  "queryByTitle": [Function],
  "rerender": [Function],
  "unmount": [Function],
}
`;
